Apple 5 140 155 75 long 4 11
Apple 5 145 155 50 long 5 11
Apple 5 155 140 75 short 11 14
Google 5 135 145 50 long 2 10
Google 5 135 - - long 2 
Google 5 135 140 25 long 2 12
Microsoft 5 140 145 25 long 6 7
Microsoft 15 135 - - long 13 
Microsoft 5 145 - - long 3 
Yandex 10 145 150 50 long 1 8
Yandex 5 145 140 -25 long 1 9
