Apple 5 140 145 25 long 4 5
Google 5 135 145 50 long 2 10
Google 10 135 - - long 2 
Google 5 140 - - long 12 
Microsoft 5 145 140 25 short 3 6
Microsoft 5 145 135 50 short 7 13
Microsoft 10 135 - - long 13 
Yandex 5 145 150 -25 short 1 8
Yandex 5 150 - - long 8 
Yandex 5 140 - - long 9 
